// Jest Snapshot v1, https://goo.gl/fbAQLP

exports[`Contact page logic matches snapshot 1`] = `undefined`;
