// Jest Snapshot v1, https://goo.gl/fbAQLP

exports[`matches snapshot 1`] = `
<div
  className="job-listing"
  data-testid="listings-row"
>
  <a
    href="https://www.fnatic.com/"
    rel="noopener noreferrer"
    target="_blank"
  >
    <h3>
      Pro Esports Player
    </h3>
  </a>
  <div
    className="job-description"
  >
    <a
      href="https://www.fnatic.com/"
      rel="noopener noreferrer"
      target="_blank"
      title="Read Full Job Description"
    >
      <img
        alt="View Job"
        className="teamstyle__StyledArrow-sc-1tz4au3-6 dEKuGS"
        src="/img/arrow-right-green.png"
      />
    </a>
  </div>
</div>
`;
