// Jest Snapshot v1, https://goo.gl/fbAQLP

exports[`matches snapshot 1`] = `
<article
  className="newsstyle__Article-xbmq8k-2 hIeTAB"
  data-testid="article-list"
>
  <a
    href="https://stripe.com/"
    rel="noopener noreferrer"
    target="_blank"
  >
    <img
      alt="Stripe"
      data-testid="article-list-image"
      src="https://stripe.com/img/v3/home/social.png/"
    />
  </a>
  <a
    className="article-heading"
    href="https://stripe.com/"
    rel="noopener noreferrer"
    target="_blank"
  >
    <h2>
      Stripe
    </h2>
  </a>
  <p>
    SettleMint, a Belgium-based blockchain
  </p>
  <p>
    With its scalable low-code, infrastructure-agnostiâ€¦sations that want to adopt and deploy blockchain.
  </p>
  <a
    className="read-more-link"
    href="https://stripe.com/"
    rel="noopener noreferrer"
    target="_blank"
  >
    Read the full article
  </a>
  <time>
    Mar 27, 2020
  </time>
</article>
`;
